#-----------------------------------------------------------
# Webtalk v2020.1 (64-bit)
# SW Build 2902540 on Wed May 27 19:54:49 MDT 2020
# IP Build 2902112 on Wed May 27 22:43:36 MDT 2020
# Start of session at: Wed Jul 22 10:27:29 2020
# Process ID: 2456
# Current directory: C:/Users/lesag/Documents/University/Personal_Projects/SEA_demo_projects/MIPI-In-HDMI-Out/spartan_cam/spartan_cam.sim/sim_1/behav/xsim
# Command line: wbtcv.exe -mode batch -source C:/Users/lesag/Documents/University/Personal_Projects/SEA_demo_projects/MIPI-In-HDMI-Out/spartan_cam/spartan_cam.sim/sim_1/behav/xsim/xsim.dir/gamma_correction_tb_behav/webtalk/xsim_webtalk.tcl -notrace
# Log file: C:/Users/lesag/Documents/University/Personal_Projects/SEA_demo_projects/MIPI-In-HDMI-Out/spartan_cam/spartan_cam.sim/sim_1/behav/xsim/webtalk.log
# Journal file: C:/Users/lesag/Documents/University/Personal_Projects/SEA_demo_projects/MIPI-In-HDMI-Out/spartan_cam/spartan_cam.sim/sim_1/behav/xsim\webtalk.jou
#-----------------------------------------------------------
source C:/Users/lesag/Documents/University/Personal_Projects/SEA_demo_projects/MIPI-In-HDMI-Out/spartan_cam/spartan_cam.sim/sim_1/behav/xsim/xsim.dir/gamma_correction_tb_behav/webtalk/xsim_webtalk.tcl -notrace
