Copyright 1986-2020 Xilinx, Inc. All Rights Reserved.
----------------------------------------------------------------------------------------------------------------------------------------------------------------
| Tool Version     : Vivado v.2020.1 (win64) Build 2902540 Wed May 27 19:54:49 MDT 2020
| Date             : Wed Jul 22 16:54:43 2020
| Host             : LAPTOP-KDBVI58S running 64-bit major release  (build 9200)
| Command          : report_power -file system_wrapper_power_routed.rpt -pb system_wrapper_power_summary_routed.pb -rpx system_wrapper_power_routed.rpx
| Design           : system_wrapper
| Device           : xc7s15ftgb196-1
| Design State     : routed
| Grade            : commercial
| Process          : typical
| Characterization : Production
----------------------------------------------------------------------------------------------------------------------------------------------------------------

Power Report

Table of Contents
-----------------
1. Summary
1.1 On-Chip Components
1.2 Power Supply Summary
1.3 Confidence Level
2. Settings
2.1 Environment
2.2 Clock Constraints
3. Detailed Reports
3.1 By Hierarchy

1. Summary
----------

+--------------------------+--------------+
| Total On-Chip Power (W)  | 0.433        |
| Design Power Budget (W)  | Unspecified* |
| Power Budget Margin (W)  | NA           |
| Dynamic (W)              | 0.413        |
| Device Static (W)        | 0.020        |
| Effective TJA (C/W)      | 3.4          |
| Max Ambient (C)          | 83.5         |
| Junction Temperature (C) | 26.5         |
| Confidence Level         | Low          |
| Setting File             | ---          |
| Simulation Activity File | ---          |
| Design Nets Matched      | NA           |
+--------------------------+--------------+
* Specify Design Power Budget using, set_operating_conditions -design_power_budget <value in Watts>


1.1 On-Chip Components
----------------------

+--------------------------+-----------+----------+-----------+-----------------+
| On-Chip                  | Power (W) | Used     | Available | Utilization (%) |
+--------------------------+-----------+----------+-----------+-----------------+
| Clocks                   |     0.028 |       17 |       --- |             --- |
| Slice Logic              |     0.014 |     7115 |       --- |             --- |
|   LUT as Logic           |     0.012 |     2891 |      8000 |           36.14 |
|   CARRY4                 |    <0.001 |      167 |      2000 |            8.35 |
|   LUT as Distributed RAM |    <0.001 |       64 |      2400 |            2.67 |
|   Register               |    <0.001 |     2417 |     16000 |           15.11 |
|   F7/F8 Muxes            |    <0.001 |      152 |      8000 |            1.90 |
|   LUT as Shift Register  |    <0.001 |       92 |      2400 |            3.83 |
|   Others                 |    <0.001 |      561 |       --- |             --- |
| Signals                  |     0.017 |     5147 |       --- |             --- |
| Block RAM                |     0.005 |        4 |        10 |           40.00 |
| MMCM                     |     0.189 |        2 |         2 |          100.00 |
| I/O                      |     0.161 |       26 |       100 |           26.00 |
| Static Power             |     0.020 |          |           |                 |
| Total                    |     0.433 |          |           |                 |
+--------------------------+-----------+----------+-----------+-----------------+


1.2 Power Supply Summary
------------------------

+-----------+-------------+-----------+-------------+------------+-------------+-------------+------------+
| Source    | Voltage (V) | Total (A) | Dynamic (A) | Static (A) | Powerup (A) | Budget (A)  | Margin (A) |
+-----------+-------------+-----------+-------------+------------+-------------+-------------+------------+
| Vccint    |       1.000 |     0.074 |       0.070 |      0.004 |       NA    | Unspecified | NA         |
| Vccaux    |       1.800 |     0.121 |       0.114 |      0.007 |       NA    | Unspecified | NA         |
| Vcco33    |       3.300 |     0.043 |       0.042 |      0.001 |       NA    | Unspecified | NA         |
| Vcco25    |       2.500 |     0.000 |       0.000 |      0.000 |       NA    | Unspecified | NA         |
| Vcco18    |       1.800 |     0.000 |       0.000 |      0.000 |       NA    | Unspecified | NA         |
| Vcco15    |       1.500 |     0.000 |       0.000 |      0.000 |       NA    | Unspecified | NA         |
| Vcco135   |       1.350 |     0.000 |       0.000 |      0.000 |       NA    | Unspecified | NA         |
| Vcco12    |       1.200 |     0.000 |       0.000 |      0.000 |       NA    | Unspecified | NA         |
| Vccaux_io |       1.800 |     0.000 |       0.000 |      0.000 |       NA    | Unspecified | NA         |
| Vccbram   |       1.000 |     0.001 |       0.000 |      0.000 |       NA    | Unspecified | NA         |
| Vccadc    |       1.800 |     0.000 |       0.000 |      0.000 |       NA    | Unspecified | NA         |
+-----------+-------------+-----------+-------------+------------+-------------+-------------+------------+


1.3 Confidence Level
--------------------

+-----------------------------+------------+--------------------------------------------------------+------------------------------------------------------------------------------------------------------------+
| User Input Data             | Confidence | Details                                                | Action                                                                                                     |
+-----------------------------+------------+--------------------------------------------------------+------------------------------------------------------------------------------------------------------------+
| Design implementation state | High       | Design is routed                                       |                                                                                                            |
| Clock nodes activity        | High       | User specified more than 95% of clocks                 |                                                                                                            |
| I/O nodes activity          | Low        | More than 75% of inputs are missing user specification | Provide missing input activity with simulation results or by editing the "By Resource Type -> I/Os" view   |
| Internal nodes activity     | Medium     | User specified less than 25% of internal nodes         | Provide missing internal nodes activity with simulation results or by editing the "By Resource Type" views |
| Device models               | High       | Device models are Production                           |                                                                                                            |
|                             |            |                                                        |                                                                                                            |
| Overall confidence level    | Low        |                                                        |                                                                                                            |
+-----------------------------+------------+--------------------------------------------------------+------------------------------------------------------------------------------------------------------------+


2. Settings
-----------

2.1 Environment
---------------

+-----------------------+--------------------------+
| Ambient Temp (C)      | 25.0                     |
| ThetaJA (C/W)         | 3.4                      |
| Airflow (LFM)         | 250                      |
| Heat Sink             | medium (Medium Profile)  |
| ThetaSA (C/W)         | 15.4                     |
| Board Selection       | medium (10"x10")         |
| # of Board Layers     | 12to15 (12 to 15 Layers) |
| Board Temperature (C) | 25.0                     |
+-----------------------+--------------------------+


2.2 Clock Constraints
---------------------

+----------------------------------------------------------+-----------------------------------------------------+-----------------+
| Clock                                                    | Domain                                              | Constraint (ns) |
+----------------------------------------------------------+-----------------------------------------------------+-----------------+
| clk_in1_0                                                | clk_in1_0                                           |            10.0 |
| clk_out1_system_clk_wiz_0_1                              | system_i/clk_wiz_0/inst/clk_out1_system_clk_wiz_0_1 |             5.0 |
| clk_out1_system_clk_wiz_0_1_1                            | system_i/clk_wiz_0/inst/clk_out1_system_clk_wiz_0_1 |             5.0 |
| clk_out1_system_clk_wiz_1_0                              | system_i/clk_wiz_1/inst/clk_out1_system_clk_wiz_1_0 |            10.0 |
| clk_out2_system_clk_wiz_1_0                              | system_i/clk_wiz_1/inst/clk_out2                    |             2.0 |
| clk_out2_system_clk_wiz_1_0                              | system_i/clk_wiz_1/inst/clk_out2_system_clk_wiz_1_0 |             2.0 |
| clkfbout_system_clk_wiz_0_1                              | system_i/clk_wiz_0/inst/clkfbout_system_clk_wiz_0_1 |            10.0 |
| clkfbout_system_clk_wiz_0_1_1                            | system_i/clk_wiz_0/inst/clkfbout_system_clk_wiz_0_1 |            10.0 |
| clkfbout_system_clk_wiz_1_0                              | system_i/clk_wiz_1/inst/clkfbout_system_clk_wiz_1_0 |            10.0 |
| dphy_hs_clock_p                                          | clk_rxp_0                                           |             4.8 |
| pclk                                                     | system_i/csi2_d_phy_rx_0/U0/clock_system_inst/CLK   |            19.0 |
| pclk                                                     | system_i/csi2_d_phy_rx_0/U0/clock_system_inst/pclk  |            19.0 |
| sys_clk_pin                                              | clk_in1_0                                           |            10.0 |
| system_i/mdm_1/U0/Use_E2.BSCAN_I/Use_E2.BSCANE2_I/DRCK   | system_i/mdm_1/U0/Use_E2.BSCAN_I/DRCK               |            33.3 |
| system_i/mdm_1/U0/Use_E2.BSCAN_I/Use_E2.BSCANE2_I/UPDATE | system_i/mdm_1/U0/Use_E2.BSCAN_I/Ext_JTAG_UPDATE    |            33.3 |
+----------------------------------------------------------+-----------------------------------------------------+-----------------+


3. Detailed Reports
-------------------

3.1 By Hierarchy
----------------

+-----------------------------+-----------+
| Name                        | Power (W) |
+-----------------------------+-----------+
| system_wrapper              |     0.413 |
|   system_i                  |     0.409 |
|     axi_iic_0               |     0.005 |
|       U0                    |     0.005 |
|     axi_uartlite_0          |     0.002 |
|       U0                    |     0.002 |
|     bayer2rgb_0             |     0.009 |
|       inst                  |     0.009 |
|     clk_wiz_0               |     0.107 |
|       inst                  |     0.107 |
|     clk_wiz_1               |     0.083 |
|       inst                  |     0.083 |
|     csi2_d_phy_rx_0         |     0.021 |
|       U0                    |     0.021 |
|     csi2dvp_0               |     0.002 |
|       inst                  |     0.002 |
|     gamma_correction_0      |     0.011 |
|       inst                  |     0.011 |
|     microblaze_0            |     0.020 |
|       U0                    |     0.020 |
|     microblaze_0_axi_periph |     0.002 |
|       xbar                  |     0.002 |
|     rgb2dvi_0               |     0.145 |
|       U0                    |     0.145 |
+-----------------------------+-----------+


